// Jest Snapshot v1, https://goo.gl/fbAQLP

exports[`renders the UI as expected 1`] = `
Array [
  <div
    className="svg-div"
  >
    <svg
      className="svg-gold"
      height="600"
      width="310"
    >
      <defs>
        <radialGradient
          cx="50%"
          cy="50%"
          fx="50%"
          fy="50%"
          id="grad2"
          r="90%"
        >
          <stop
            className="offset1signin"
            offset="0%"
          />
          <stop
            className="offset2signin"
            offset="100%"
          />
        </radialGradient>
      </defs>
      <polyline
        className="hex-bronze"
        points="150,0 300,87 300,97 150,10 0,97 0,87 150,0"
      />
       /&gt;
      <polyline
        className="hex-bronze"
        points="150,556 300,470 300,480 150,566 0,480 0,470 150,556"
      />
      <polygon
        fill="url(#grad2)"
        points="150,10 300,97 300,470 150,556 0,470 0,97 150,10"
      />
    </svg>
  </div>,
  <form
    className="signup-box"
    onSubmit={[Function]}
  >
    <h1
      className="signup-box-logo"
    >
      Register
    </h1>
    <fieldset
      className="fieldset-style"
    >
      <div
        role="alert"
      />
      <p>
        <label
          htmlFor="signup-userid"
        >
          Username
        </label>
        <br />
        <input
          id="signup-userid"
          name="user_name"
          type="text"
        />
      </p>
      <p>
        <label
          htmlFor="signup-email"
        >
          Email
        </label>
        <br />
        <input
          id="signup-email"
          name="email"
          type="email"
        />
      </p>
      <p>
        <label
          htmlFor="signup-password"
        >
          Password
        </label>
        <br />
        <input
          id="signup-password"
          name="password"
          type="password"
        />
      </p>
      <p>
        <label
          htmlFor="signup-password-repeat"
        >
          Repeat Password
        </label>
        <br />
        <input
          id="signup-password-repeat"
          name="passwordRepeat"
          type="password"
        />
      </p>
    </fieldset>
    <button
      className="signup-sign-up"
    >
       Sign up 
    </button>
     
    <br />
  </form>,
]
`;
