// Jest Snapshot v1, https://goo.gl/fbAQLP

exports[`renders the UI as expected 1`] = `
<div
  className="App"
>
  <nav
    role="navigation"
  >
    <a
      className="nav-link home-link active-nav-link"
      href="/"
      onClick={[Function]}
    >
      TFTBuilds
    </a>
    <div
      className="nav-links"
    >
      <a
        className="nav-link inactive-nav-link"
        href="/login"
        onClick={[Function]}
      >
        Login
      </a>
      <a
        className="nav-link inactive-nav-link"
        href="/signup"
        onClick={[Function]}
      >
        Register
      </a>
      <a
        className="nav-link rightmost-nav-link inactive-nav-link"
        href="/create-build"
        onClick={[Function]}
      >
        Your Build
      </a>
    </div>
  </nav>
  <main>
    <div
      className="front-page-div"
    >
      <header
        className="front-page-header"
        role="banner"
      >
        <h1>
          <span>
            TFTBuilds
          </span>
          <span
            className="header-undertext"
          >
            Build comps. Win Games
          </span>
        </h1>
      </header>
      <section
        className="s1"
      >
        <p>
          TFTBuilds allows you to build a hypothetical composition along with items before you enter the arena! Each champions' stats will update based on the synergies/items/star levels.
        </p>
        <div
          className="btn"
        >
          <a
            className="nav-link"
            href="/create-build"
            onClick={[Function]}
          >
            Build a comp
          </a>
        </div>
      </section>
      <div />
      <section
        className="s2"
      >
        <p>
          Sign up to save your builds!
        </p>
        <div
          className="btn"
        >
          <a
            className="nav-link"
            href="/login"
            onClick={[Function]}
          >
            Log in
          </a>
        </div>
        <div
          className="btn"
        >
          <a
            className="nav-link"
            href="/signup"
            onClick={[Function]}
          >
            Sign up
          </a>
        </div>
      </section>
    </div>
  </main>
  <div
    className="footer-border"
  />
  <footer>
    <div>
      <div
        className="thank-you-mr-rito"
      >
        tftBuilds isn’t endorsed by Riot Games and doesn’t reflect the views or opinions of Riot Games or anyone officially involved in producing or managing League of Legends. League of Legends and Riot Games are trademarks or registered trademarks of Riot Games, Inc. League of Legends © Riot Games, Inc.
      </div>
    </div>
  </footer>
</div>
`;
